// Jest Snapshot v1, https://goo.gl/fbAQLP

exports[`Welcome renders Welcome coponent correctly 1`] = `
<h1>
  Biplab Hello to you, 
  World
</h1>
`;
